// Jest Snapshot v1, https://goo.gl/fbAQLP

exports[`DisplayBoard renders App component 1`] = `undefined`;
